
   FAIL  Tests\Feature\BoardViewPreferenceTest
  Γ¿» it returns default preferenceΓÇª 0.13s  
  ΓöÇΓöÇΓöÇΓöÇΓöÇΓöÇΓöÇΓöÇΓöÇΓöÇΓöÇΓöÇΓöÇΓöÇΓöÇΓöÇΓöÇΓöÇΓöÇΓöÇΓöÇΓöÇΓöÇΓöÇΓöÇΓöÇΓöÇΓöÇΓöÇΓöÇΓöÇΓöÇΓöÇΓöÇΓöÇΓöÇΓöÇΓöÇ  
   FAILED  TestΓÇª  NotFoundHttpException   
  GET http://localhost:8000/api/tenants/1/workspaces/1/boards/1/view-preferences

  at vendor\laravel\framework\src\Illuminate\Routing\Pipeline.php:51
     47Γûò         $handler = $this->container->make(ExceptionHandler::class);
     48Γûò 
     49Γûò         $handler->report($e);
     50Γûò 
  Γ₧£  51Γûò         $response = $handler->render($passable, $e);
     52Γûò 
     53Γûò         if (is_object($response) && method_exists($response, 'withException')) {
     54Γûò             $response->withException($e);
     55Γûò         }

  1   vendor\laravel\framework\src\Illuminate\Pipeline\Pipeline.php:224
  2   vendor\laravel\framework\src\Illuminate\Routing\Pipeline.php:51


  Tests:    1 failed (0 assertions)
  Duration: 0.23s

